title: 'Responsive Images addon is awesome'
hero:
    breakpoints: [{ asset: { path: test.jpg }, label: default, minWidth: 0, widthUnit: px, ratio: 1.2142857142857, sources: [{ format: original, mimeType: image/jpeg, minWidth: 0, mediaWidthUnit: px, mediaString: null, srcSet: '/img/asset/dGVzdF9jb250YWluZXIvdGVzdC5qcGc/test.jpg?q=90&fit=crop-50-50&w=237&h=195 237w, /img/asset/dGVzdF9jb250YWluZXIvdGVzdC5qcGc/test.jpg?q=90&fit=crop-50-50&w=284&h=234 284w, /img/asset/dGVzdF9jb250YWluZXIvdGVzdC5qcGc/test.jpg?q=90&fit=crop-50-50&w=340&h=280 340w' }] }]
