<script>
        window.addEventListener('load', function () {
            window.responsiveResizeObserver = new ResizeObserver((entries) => {
                entries.forEach(entry => {
                    const imgWidth = entry.target.getBoundingClientRect().width;
                    entry.target.parentNode.querySelectorAll('source').forEach((source) => {
                        source.sizes = Math.ceil(imgWidth / window.innerWidth * 100) + 'vw';
                    });
                });
            });

            document.querySelectorAll('[data-statamic-responsive-images]').forEach(responsiveImage => {
                responsiveResizeObserver.onload = null;
                responsiveResizeObserver.observe(responsiveImage);
            });
        });
    </script>

<picture>
                        
                            <source
                     type="image/webp"                      media="(min-width: 1024px)"                     srcset=", /img/asset/dGVzdF9jb250YWluZXIvdGVzdC5qcGc/test.jpg?fm=webp&amp;q=90&amp;fit=crop-50-50&amp;w=237&amp;h=158 237w, /img/asset/dGVzdF9jb250YWluZXIvdGVzdC5qcGc/test.jpg?fm=webp&amp;q=90&amp;fit=crop-50-50&amp;w=284&amp;h=189 284w, /img/asset/dGVzdF9jb250YWluZXIvdGVzdC5qcGc/test.jpg?fm=webp&amp;q=90&amp;fit=crop-50-50&amp;w=340&amp;h=227 340w"
                     sizes="1px"                 >
                                
                            <source
                     type="image/jpeg"                      media="(min-width: 1024px)"                     srcset=", /img/asset/dGVzdF9jb250YWluZXIvdGVzdC5qcGc/test.jpg?q=90&amp;fit=crop-50-50&amp;w=237&amp;h=158 237w, /img/asset/dGVzdF9jb250YWluZXIvdGVzdC5qcGc/test.jpg?q=90&amp;fit=crop-50-50&amp;w=284&amp;h=189 284w, /img/asset/dGVzdF9jb250YWluZXIvdGVzdC5qcGc/test.jpg?q=90&amp;fit=crop-50-50&amp;w=340&amp;h=227 340w"
                     sizes="1px"                 >
                                            
                            <source
                     type="image/webp"                                         srcset=", /img/asset/dGVzdF9jb250YWluZXIvdGVzdC5qcGc/test.jpg?fm=webp&amp;q=90&amp;fit=crop-50-50&amp;w=237&amp;h=237 237w, /img/asset/dGVzdF9jb250YWluZXIvdGVzdC5qcGc/test.jpg?fm=webp&amp;q=90&amp;fit=crop-50-50&amp;w=284&amp;h=284 284w, /img/asset/dGVzdF9jb250YWluZXIvdGVzdC5qcGc/test.jpg?fm=webp&amp;q=90&amp;fit=crop-50-50&amp;w=340&amp;h=340 340w"
                     sizes="1px"                 >
                                
                            <source
                     type="image/jpeg"                                         srcset=", /img/asset/dGVzdF9jb250YWluZXIvdGVzdC5qcGc/test.jpg?q=90&amp;fit=crop-50-50&amp;w=237&amp;h=237 237w, /img/asset/dGVzdF9jb250YWluZXIvdGVzdC5qcGc/test.jpg?q=90&amp;fit=crop-50-50&amp;w=284&amp;h=284 284w, /img/asset/dGVzdF9jb250YWluZXIvdGVzdC5qcGc/test.jpg?q=90&amp;fit=crop-50-50&amp;w=340&amp;h=340 340w"
                     sizes="1px"                 >
                        
    <img
        
        src="/img/asset/dGVzdF9jb250YWluZXIvdGVzdC5qcGc/test.jpg?w=340&amp;h=340"
                alt="test.jpg"
                 width="340"          height="340"                 data-statamic-responsive-images
            >
</picture>
